13:50:54 **** Build of project myHYGRO3_bsp ****
make -k all 
"Running Make include in microblaze_0/libsrc/bram_v4_2/src"
make -C microblaze_0/libsrc/bram_v4_2/src -s include  "SHELL=CMD" "COMPILER=mb-gcc" "ARCHIVER=mb-ar" "COMPILER_FLAGS= -O2 -c -mcpu=v10.0 -mlittle-endian -mxl-soft-mul" "EXTRA_COMPILER_FLAGS=-ffunction-sections -fdata-sections -Wall -Wextra"
"Running Make include in microblaze_0/libsrc/cpu_v2_6/src"
make -C microblaze_0/libsrc/cpu_v2_6/src -s include  "SHELL=CMD" "COMPILER=mb-gcc" "ARCHIVER=mb-ar" "COMPILER_FLAGS= -O2 -c -mcpu=v10.0 -mlittle-endian -mxl-soft-mul" "EXTRA_COMPILER_FLAGS=-ffunction-sections -fdata-sections -Wall -Wextra"
"Running Make include in microblaze_0/libsrc/gpio_v4_3/src"
make -C microblaze_0/libsrc/gpio_v4_3/src -s include  "SHELL=CMD" "COMPILER=mb-gcc" "ARCHIVER=mb-ar" "COMPILER_FLAGS= -O2 -c -mcpu=v10.0 -mlittle-endian -mxl-soft-mul" "EXTRA_COMPILER_FLAGS=-ffunction-sections -fdata-sections -Wall -Wextra"
"Running Make include in microblaze_0/libsrc/PmodHYGRO_v1_0/src"
make -C microblaze_0/libsrc/PmodHYGRO_v1_0/src -s include  "SHELL=CMD" "COMPILER=mb-gcc" "ARCHIVER=mb-ar" "COMPILER_FLAGS= -O2 -c -mcpu=v10.0 -mlittle-endian -mxl-soft-mul" "EXTRA_COMPILER_FLAGS=-ffunction-sections -fdata-sections -Wall -Wextra"
"Running Make include in microblaze_0/libsrc/standalone_v6_5/src"
make -C microblaze_0/libsrc/standalone_v6_5/src -s include  "SHELL=CMD" "COMPILER=mb-gcc" "ARCHIVER=mb-ar" "COMPILER_FLAGS= -O2 -c -mcpu=v10.0 -mlittle-endian -mxl-soft-mul" "EXTRA_COMPILER_FLAGS=-ffunction-sections -fdata-sections -Wall -Wextra"
"Running Make include in microblaze_0/libsrc/uartlite_v3_2/src"
make -C microblaze_0/libsrc/uartlite_v3_2/src -s include  "SHELL=CMD" "COMPILER=mb-gcc" "ARCHIVER=mb-ar" "COMPILER_FLAGS= -O2 -c -mcpu=v10.0 -mlittle-endian -mxl-soft-mul" "EXTRA_COMPILER_FLAGS=-ffunction-sections -fdata-sections -Wall -Wextra"
"Running Make libs in microblaze_0/libsrc/bram_v4_2/src"
make -C microblaze_0/libsrc/bram_v4_2/src -s libs  "SHELL=CMD" "COMPILER=mb-gcc" "ARCHIVER=mb-ar" "COMPILER_FLAGS= -O2 -c -mcpu=v10.0 -mlittle-endian -mxl-soft-mul" "EXTRA_COMPILER_FLAGS=-ffunction-sections -fdata-sections -Wall -Wextra"
"Compiling bram"
mb-ar: creating ../../../lib/libxil.a
"Running Make libs in microblaze_0/libsrc/cpu_v2_6/src"
make -C microblaze_0/libsrc/cpu_v2_6/src -s libs  "SHELL=CMD" "COMPILER=mb-gcc" "ARCHIVER=mb-ar" "COMPILER_FLAGS= -O2 -c -mcpu=v10.0 -mlittle-endian -mxl-soft-mul" "EXTRA_COMPILER_FLAGS=-ffunction-sections -fdata-sections -Wall -Wextra"
"Compiling cpu"
"Running Make libs in microblaze_0/libsrc/gpio_v4_3/src"
make -C microblaze_0/libsrc/gpio_v4_3/src -s libs  "SHELL=CMD" "COMPILER=mb-gcc" "ARCHIVER=mb-ar" "COMPILER_FLAGS= -O2 -c -mcpu=v10.0 -mlittle-endian -mxl-soft-mul" "EXTRA_COMPILER_FLAGS=-ffunction-sections -fdata-sections -Wall -Wextra"
"Compiling gpio"
"Running Make libs in microblaze_0/libsrc/PmodHYGRO_v1_0/src"
make -C microblaze_0/libsrc/PmodHYGRO_v1_0/src -s libs  "SHELL=CMD" "COMPILER=mb-gcc" "ARCHIVER=mb-ar" "COMPILER_FLAGS= -O2 -c -mcpu=v10.0 -mlittle-endian -mxl-soft-mul" "EXTRA_COMPILER_FLAGS=-ffunction-sections -fdata-sections -Wall -Wextra"
"Compiling PmodHYGRO..."
In file included from xiic.h:311:0,
                 from PmodHYGRO.h:29,
                 from PmodHYGRO.c:25:
PmodHYGRO.c: In function 'HYGRO_IICInit':
xiic_l.h:300:13: warning: passing argument 1 of 'Xil_Out32' makes integer from pointer without a cast [-Wint-conversion]
  XIic_Out32((BaseAddress) + (RegOffset), (RegisterValue))
             ^
xiic_l.h:317:2: note: in expansion of macro 'XIic_WriteReg'
  XIic_WriteReg((BaseAddress), XIIC_DGIER_OFFSET, 0)
  ^~~~~~~~~~~~~
PmodHYGRO.c:172:2: note: in expansion of macro 'XIic_IntrGlobalDisable'
  XIic_IntrGlobalDisable(IicInstancePtr);
  ^~~~~~~~~~~~~~~~~~~~~~
In file included from xiic_l.h:98:0,
                 from xiic.h:311,
                 from PmodHYGRO.h:29,
                 from PmodHYGRO.c:25:
../../../include/xil_io.h:223:20: note: expected 'UINTPTR {aka unsigned int}' but argument is of type 'XIic * {aka struct <anonymous> *}'
 static INLINE void Xil_Out32(UINTPTR Addr, u32 Value)
                    ^~~~~~~~~
PmodHYGRO.c: In function 'StatusHandler':
PmodHYGRO.c:270:38: warning: unused parameter 'InstancePtr' [-Wunused-parameter]
 static void StatusHandler(PmodHYGRO *InstancePtr) {
                                      ^~~~~~~~~~~
At top level:
PmodHYGRO.c:270:13: warning: 'StatusHandler' defined but not used [-Wunused-function]
 static void StatusHandler(PmodHYGRO *InstancePtr) {
             ^~~~~~~~~~~~~
"Running Make libs in microblaze_0/libsrc/standalone_v6_5/src"
make -C microblaze_0/libsrc/standalone_v6_5/src -s libs  "SHELL=CMD" "COMPILER=mb-gcc" "ARCHIVER=mb-ar" "COMPILER_FLAGS= -O2 -c -mcpu=v10.0 -mlittle-endian -mxl-soft-mul" "EXTRA_COMPILER_FLAGS=-ffunction-sections -fdata-sections -Wall -Wextra"
"Compiling standalone";
"Running Make libs in microblaze_0/libsrc/uartlite_v3_2/src"
make -C microblaze_0/libsrc/uartlite_v3_2/src -s libs  "SHELL=CMD" "COMPILER=mb-gcc" "ARCHIVER=mb-ar" "COMPILER_FLAGS= -O2 -c -mcpu=v10.0 -mlittle-endian -mxl-soft-mul" "EXTRA_COMPILER_FLAGS=-ffunction-sections -fdata-sections -Wall -Wextra"
"Compiling uartlite"
'Finished building libraries'

**** Build of configuration Debug for project myHYGRO3 ****

Nothing to build for project myHYGRO3
13:51:37 **** Auto Build of configuration Debug for project myHYGRO3 ****
make all 
'Building file: C:/Users/Ryan/Desktop/Spring 2019/ECE351/FinalProject/ECE-351-Group-1/main.c'
'Invoking: MicroBlaze gcc compiler'
mb-gcc -Wall -O0 -g3 -c -fmessage-length=0 -MT"src/main.o" -I../../myHYGRO3_bsp/microblaze_0/include -mlittle-endian -mcpu=v10.0 -mxl-soft-mul -Wl,--no-relax -ffunction-sections -fdata-sections -MMD -MP -MF"src/main.d" -MT"src/main.o" -o "src/main.o" "C:/Users/Ryan/Desktop/Spring 2019/ECE351/FinalProject/ECE-351-Group-1/main.c"
C:/Users/Ryan/Desktop/Spring 2019/ECE351/FinalProject/ECE-351-Group-1/main.c: In function 'DemoRun':
C:/Users/Ryan/Desktop/Spring 2019/ECE351/FinalProject/ECE-351-Group-1/main.c:101:32: warning: variable 'temp_degf' set but not used [-Wunused-but-set-variable]
    float temp_degc, hum_perrh, temp_degf;
                                ^~~~~~~~~
'Finished building: C:/Users/Ryan/Desktop/Spring 2019/ECE351/FinalProject/ECE-351-Group-1/main.c'
' '
'Building target: myHYGRO3.elf'
'Invoking: MicroBlaze gcc linker'
mb-gcc -Wl,-T -Wl,../src/lscript.ld -L../../myHYGRO3_bsp/microblaze_0/lib -mlittle-endian -mcpu=v10.0 -mxl-soft-mul -Wl,--no-relax -Wl,--gc-sections -o "myHYGRO3.elf"  ./src/main.o   -Wl,--start-group,-lxil,-lgcc,-lc,--end-group
'Finished building target: myHYGRO3.elf'
' '
'Invoking: MicroBlaze Print Size'
mb-size myHYGRO3.elf  |tee "myHYGRO3.elf.size"
   text	   data	    bss	    dec	    hex	filename
  24176	    296	   3272	  27744	   6c60	myHYGRO3.elf
'Finished building: myHYGRO3.elf.size'
' '
13:58:53 **** Incremental Build of configuration Debug for project myHYGRO3 ****
make all 
make: Nothing to be done for `all'.
